fit:
  data:
    class_path: path.to.datamodule.class
    init_args:
      batch_size: 32
      drop_last: true
      num_workers: 4
      path: /path/to/dataset
      pin_memory: true
      shuffle: true
  model:
    class_path: path.to.model.class
    init_args:
      classifier:
        class_path: path.to.classifier.class
        init_args:
          in_chs: 3
      feature_extractor:
        class_path: path.to.feature_extractor.class
        init_args:
          in_chs: 3
          in_size:
          - 512
          - 2048
  optimizer:
    class_path: Adam
    init_args:
      lr: 0.0001
